// Jest Snapshot v1, https://goo.gl/fbAQLP

exports[`process should process 1`] = `
"'use strict';

Object.defineProperty(exports, '__esModule', { value: true });

var noop3 = require('noop3');
var url = require('url');

function _interopDefaultLegacy (e) { return e && typeof e === 'object' && 'default' in e ? e : { 'default': e }; }

var noop3__default = /*#__PURE__*/_interopDefaultLegacy(noop3);

const foo =  42;

Object.defineProperty(exports, 'noop', {
    enumerable: true,
    get: function () {
        return noop3__default['default'];
    }
});
Object.defineProperty(exports, 'URL', {
    enumerable: true,
    get: function () {
        return url.URL;
    }
});
exports.foo = foo;

//# sourceMappingURL=data:application/json;charset=utf-8;base64,eyJ2ZXJzaW9uIjozLCJmaWxlIjoibnVsbC5qcyIsInNvdXJjZXMiOlsibnVsbC5qcyJdLCJzb3VyY2VzQ29udGVudCI6WyJcbiAgICAgICAgZXhwb3J0IGNvbnN0IGZvbyA9ICA0MlxuICAgICAgICBleHBvcnQge2RlZmF1bHQgYXMgbm9vcH0gZnJvbSAnbm9vcDMnXG4gICAgICAgIGV4cG9ydCB7VVJMfSBmcm9tICd1cmwnXG4gICAgIl0sIm5hbWVzIjpbXSwibWFwcGluZ3MiOiI7Ozs7Ozs7Ozs7O0FBQ29CLE1BQUMsR0FBRyxJQUFJOzs7Ozs7Ozs7Ozs7Ozs7OyJ9"
`;
